
  .   ____          _            __ _ _
 /\\ / ___'_ __ _ _(_)_ __  __ _ \ \ \ \
( ( )\___ | '_ | '_| | '_ \/ _` | \ \ \ \
 \\/  ___)| |_)| | | | | || (_| |  ) ) ) )
  '  |____| .__|_| |_|_| |_\__, | / / / /
 =========|_|==============|___/=/_/_/_/
 :: Spring Boot ::                (v2.5.0)

2026-07-29 17:45:12.710  INFO 17972 --- [           main] org.example.Main                         : Starting Main using Java 25.0.1 on LBR-2TPT5H4 with PID 17972 (C:\Users\francisj\projeto pessoal\Easy-parking\back-end\target\classes started by francisj in C:\Users\francisj\projeto pessoal\Easy-parking\back-end)
2026-07-29 17:45:12.713  INFO 17972 --- [           main] org.example.Main                         : The following profiles are active: local
2026-07-29 17:45:13.548  INFO 17972 --- [           main] .s.d.r.c.RepositoryConfigurationDelegate : Bootstrapping Spring Data JPA repositories in DEFAULT mode.
2026-07-29 17:45:13.680  INFO 17972 --- [           main] .s.d.r.c.RepositoryConfigurationDelegate : Finished Spring Data repository scanning in 118 ms. Found 5 JPA repository interfaces.
WARNING: A restricted method in java.lang.System has been called
WARNING: java.lang.System::load has been called by org.apache.tomcat.jni.Library in an unnamed module (file:/C:/Users/francisj/.m2/repository/org/apache/tomcat/embed/tomcat-embed-core/9.0.46/tomcat-embed-core-9.0.46.jar)
WARNING: Use --enable-native-access=ALL-UNNAMED to avoid a warning for callers in this module
WARNING: Restricted methods will be blocked in a future release unless native access is enabled

2026-07-29 17:45:14.600  INFO 17972 --- [           main] o.s.b.w.embedded.tomcat.TomcatWebServer  : Tomcat initialized with port(s): 8080 (http)
2026-07-29 17:45:14.625  INFO 17972 --- [           main] o.apache.catalina.core.StandardService   : Starting service [Tomcat]
2026-07-29 17:45:14.626  INFO 17972 --- [           main] org.apache.catalina.core.StandardEngine  : Starting Servlet engine: [Apache Tomcat/9.0.46]
2026-07-29 17:45:14.853  INFO 17972 --- [           main] o.a.c.c.C.[Tomcat].[localhost].[/]       : Initializing Spring embedded WebApplicationContext
2026-07-29 17:45:14.854  INFO 17972 --- [           main] w.s.c.ServletWebServerApplicationContext : Root WebApplicationContext: initialization completed in 2048 ms
2026-07-29 17:45:14.918  INFO 17972 --- [           main] com.zaxxer.hikari.HikariDataSource       : HikariPool-1 - Starting...
2026-07-29 17:45:15.412  INFO 17972 --- [           main] com.zaxxer.hikari.HikariDataSource       : HikariPool-1 - Start completed.
2026-07-29 17:45:15.423  INFO 17972 --- [           main] o.s.b.a.h2.H2ConsoleAutoConfiguration    : H2 console available at '/h2-console'. Database available at 'jdbc:h2:file:./data/easy-parking-local'
2026-07-29 17:45:15.692  INFO 17972 --- [           main] o.hibernate.jpa.internal.util.LogHelper  : HHH000204: Processing PersistenceUnitInfo [name: default]
2026-07-29 17:45:15.778  INFO 17972 --- [           main] org.hibernate.Version                    : HHH000412: Hibernate ORM core version 5.4.31.Final
2026-07-29 17:45:16.011  INFO 17972 --- [           main] o.hibernate.annotations.common.Version   : HCANN000001: Hibernate Commons Annotations {5.1.2.Final}
2026-07-29 17:45:16.238  INFO 17972 --- [           main] org.hibernate.dialect.Dialect            : HHH000400: Using dialect: org.hibernate.dialect.H2Dialect
Hibernate: 
    
    create table carteira (
       id bigint generated by default as identity,
        data timestamp,
        descricao varchar(255),
        saldo double,
        tipo varchar(255),
        valor_adicionado double,
        valor_retirado double,
        usuario_id integer,
        primary key (id)
    )
Hibernate: 
    
    create table cliente (
       id bigint not null,
        cep varchar(9),
        cep_filiais varchar(255),
        cnpj varchar(14) not null,
        endereco_completo varchar(255),
        horario_abertura varchar(255),
        horario_fechamento varchar(255),
        nome_empresa varchar(255) not null,
        telefone varchar(15),
        valor_por_hora decimal(19,2) not null,
        usuario_id integer,
        primary key (id)
    )
Hibernate: 
    
    create table pagamentos (
       id bigint generated by default as identity,
        data date,
        data_reserva_entrada date,
        endereco varchar(255),
        entry_qr_consumed_at timestamp,
        entry_qr_created_at timestamp,
        entry_qr_image_base64 LONGTEXT,
        entry_qr_status varchar(255),
        entry_qr_token varchar(255),
        estacionamento varchar(255),
        exit_qr_consumed_at timestamp,
        exit_qr_created_at timestamp,
        exit_qr_image_base64 LONGTEXT,
        exit_qr_status varchar(255),
        exit_qr_token varchar(255),
        forma_pagamento varchar(255),
        horario time,
        horario_reserva_entrada time,
        horario_reserva_saida time,
        latitude double,
        longitude double,
        nome varchar(255),
        pagbank_charge_id varchar(255),
        pagbank_order_id varchar(255),
        pagbank_qr_base64 LONGTEXT,
        pagbank_qr_payload LONGTEXT,
        pagbank_status varchar(255),
        status varchar(255),
        valor_pago decimal(19,2),
        cliente_id integer,
        primary key (id)
    )
Hibernate: 
    
    create table reserva (
       id bigint generated by default as identity,
        horario timestamp,
        cliente_id bigint,
        estacionamento_id bigint,
        primary key (id)
    )
Hibernate: 
    
    create table usuarios (
       id integer generated by default as identity,
        codigo_confirmacao varchar(255),
        cpf varchar(255),
        email varchar(255),
        foto clob,
        nome_completo varchar(255),
        perfil varchar(255),
        senha varchar(255),
        telefone varchar(255),
        primary key (id)
    )
Hibernate: create sequence cliente_sequence start with 1 increment by 1
Hibernate: 
    
    alter table carteira 
       add constraint FKldfej6tm8dhpcrst0ynvqhgov 
       foreign key (usuario_id) 
       references usuarios
Hibernate: 
    
    alter table cliente 
       add constraint FK3rx8shpw8t7s3nid40ykcsekc 
       foreign key (usuario_id) 
       references usuarios
Hibernate: 
    
    alter table pagamentos 
       add constraint FKdmfom8n2i2w4470cegtyj0u4u 
       foreign key (cliente_id) 
       references usuarios
Hibernate: 
    
    alter table reserva 
       add constraint FK7cg2jiyn5cf6f6elccvb6963k 
       foreign key (cliente_id) 
       references cliente
Hibernate: 
    
    alter table reserva 
       add constraint FKosr93g5ub53rv54p8m6f6gvwq 
       foreign key (estacionamento_id) 
       references cliente
2026-07-29 17:45:17.432  INFO 17972 --- [           main] o.h.e.t.j.p.i.JtaPlatformInitiator       : HHH000490: Using JtaPlatform implementation: [org.hibernate.engine.transaction.jta.platform.internal.NoJtaPlatform]
2026-07-29 17:45:17.447  INFO 17972 --- [           main] j.LocalContainerEntityManagerFactoryBean : Initialized JPA EntityManagerFactory for persistence unit 'default'
2026-07-29 17:45:18.232  WARN 17972 --- [           main] JpaBaseConfiguration$JpaWebConfiguration : spring.jpa.open-in-view is enabled by default. Therefore, database queries may be performed during view rendering. Explicitly configure spring.jpa.open-in-view to disable this warning
2026-07-29 17:45:18.756  INFO 17972 --- [           main] o.s.b.w.embedded.tomcat.TomcatWebServer  : Tomcat started on port(s): 8080 (http) with context path ''
2026-07-29 17:45:18.768  INFO 17972 --- [           main] org.example.Main                         : Started Main in 6.732 seconds (JVM running for 7.385)
2026-07-29 17:45:18.771  INFO 17972 --- [           main] o.s.b.a.ApplicationAvailabilityBean      : Application availability state LivenessState changed to CORRECT
2026-07-29 17:45:18.773  INFO 17972 --- [           main] o.s.b.a.ApplicationAvailabilityBean      : Application availability state ReadinessState changed to ACCEPTING_TRAFFIC
Hibernate: 
    /* select
        generatedAlias0 
    from
        Pagamentos as generatedAlias0 */ select
            pagamentos0_.id as id1_2_,
            pagamentos0_.data as data2_2_,
            pagamentos0_.data_reserva_entrada as data_res3_2_,
            pagamentos0_.endereco as endereco4_2_,
            pagamentos0_.entry_qr_consumed_at as entry_qr5_2_,
            pagamentos0_.entry_qr_created_at as entry_qr6_2_,
            pagamentos0_.entry_qr_image_base64 as entry_qr7_2_,
            pagamentos0_.entry_qr_status as entry_qr8_2_,
            pagamentos0_.entry_qr_token as entry_qr9_2_,
            pagamentos0_.estacionamento as estacio10_2_,
            pagamentos0_.exit_qr_consumed_at as exit_qr11_2_,
            pagamentos0_.exit_qr_created_at as exit_qr12_2_,
            pagamentos0_.exit_qr_image_base64 as exit_qr13_2_,
            pagamentos0_.exit_qr_status as exit_qr14_2_,
            pagamentos0_.exit_qr_token as exit_qr15_2_,
            pagamentos0_.forma_pagamento as forma_p16_2_,
            pagamentos0_.horario as horario17_2_,
            pagamentos0_.horario_reserva_entrada as horario18_2_,
            pagamentos0_.horario_reserva_saida as horario19_2_,
            pagamentos0_.latitude as latitud20_2_,
            pagamentos0_.longitude as longitu21_2_,
            pagamentos0_.nome as nome22_2_,
            pagamentos0_.pagbank_charge_id as pagbank23_2_,
            pagamentos0_.pagbank_order_id as pagbank24_2_,
            pagamentos0_.pagbank_qr_base64 as pagbank25_2_,
            pagamentos0_.pagbank_qr_payload as pagbank26_2_,
            pagamentos0_.pagbank_status as pagbank27_2_,
            pagamentos0_.status as status28_2_,
            pagamentos0_.cliente_id as cliente30_2_,
            pagamentos0_.valor_pago as valor_p29_2_ 
        from
            pagamentos pagamentos0_
Hibernate: 
    /* select
        generatedAlias0 
    from
        Pagamentos as generatedAlias0 */ select
            pagamentos0_.id as id1_2_,
            pagamentos0_.data as data2_2_,
            pagamentos0_.data_reserva_entrada as data_res3_2_,
            pagamentos0_.endereco as endereco4_2_,
            pagamentos0_.entry_qr_consumed_at as entry_qr5_2_,
            pagamentos0_.entry_qr_created_at as entry_qr6_2_,
            pagamentos0_.entry_qr_image_base64 as entry_qr7_2_,
            pagamentos0_.entry_qr_status as entry_qr8_2_,
            pagamentos0_.entry_qr_token as entry_qr9_2_,
            pagamentos0_.estacionamento as estacio10_2_,
            pagamentos0_.exit_qr_consumed_at as exit_qr11_2_,
            pagamentos0_.exit_qr_created_at as exit_qr12_2_,
            pagamentos0_.exit_qr_image_base64 as exit_qr13_2_,
            pagamentos0_.exit_qr_status as exit_qr14_2_,
            pagamentos0_.exit_qr_token as exit_qr15_2_,
            pagamentos0_.forma_pagamento as forma_p16_2_,
            pagamentos0_.horario as horario17_2_,
            pagamentos0_.horario_reserva_entrada as horario18_2_,
            pagamentos0_.horario_reserva_saida as horario19_2_,
            pagamentos0_.latitude as latitud20_2_,
            pagamentos0_.longitude as longitu21_2_,
            pagamentos0_.nome as nome22_2_,
            pagamentos0_.pagbank_charge_id as pagbank23_2_,
            pagamentos0_.pagbank_order_id as pagbank24_2_,
            pagamentos0_.pagbank_qr_base64 as pagbank25_2_,
            pagamentos0_.pagbank_qr_payload as pagbank26_2_,
            pagamentos0_.pagbank_status as pagbank27_2_,
            pagamentos0_.status as status28_2_,
            pagamentos0_.cliente_id as cliente30_2_,
            pagamentos0_.valor_pago as valor_p29_2_ 
        from
            pagamentos pagamentos0_
Hibernate: 
    /* select
        generatedAlias0 
    from
        Pagamentos as generatedAlias0 */ select
            pagamentos0_.id as id1_2_,
            pagamentos0_.data as data2_2_,
            pagamentos0_.data_reserva_entrada as data_res3_2_,
            pagamentos0_.endereco as endereco4_2_,
            pagamentos0_.entry_qr_consumed_at as entry_qr5_2_,
            pagamentos0_.entry_qr_created_at as entry_qr6_2_,
            pagamentos0_.entry_qr_image_base64 as entry_qr7_2_,
            pagamentos0_.entry_qr_status as entry_qr8_2_,
            pagamentos0_.entry_qr_token as entry_qr9_2_,
            pagamentos0_.estacionamento as estacio10_2_,
            pagamentos0_.exit_qr_consumed_at as exit_qr11_2_,
            pagamentos0_.exit_qr_created_at as exit_qr12_2_,
            pagamentos0_.exit_qr_image_base64 as exit_qr13_2_,
            pagamentos0_.exit_qr_status as exit_qr14_2_,
            pagamentos0_.exit_qr_token as exit_qr15_2_,
            pagamentos0_.forma_pagamento as forma_p16_2_,
            pagamentos0_.horario as horario17_2_,
            pagamentos0_.horario_reserva_entrada as horario18_2_,
            pagamentos0_.horario_reserva_saida as horario19_2_,
            pagamentos0_.latitude as latitud20_2_,
            pagamentos0_.longitude as longitu21_2_,
            pagamentos0_.nome as nome22_2_,
            pagamentos0_.pagbank_charge_id as pagbank23_2_,
            pagamentos0_.pagbank_order_id as pagbank24_2_,
            pagamentos0_.pagbank_qr_base64 as pagbank25_2_,
            pagamentos0_.pagbank_qr_payload as pagbank26_2_,
            pagamentos0_.pagbank_status as pagbank27_2_,
            pagamentos0_.status as status28_2_,
            pagamentos0_.cliente_id as cliente30_2_,
            pagamentos0_.valor_pago as valor_p29_2_ 
        from
            pagamentos pagamentos0_
Hibernate: 
    /* select
        generatedAlias0 
    from
        Pagamentos as generatedAlias0 */ select
            pagamentos0_.id as id1_2_,
            pagamentos0_.data as data2_2_,
            pagamentos0_.data_reserva_entrada as data_res3_2_,
            pagamentos0_.endereco as endereco4_2_,
            pagamentos0_.entry_qr_consumed_at as entry_qr5_2_,
            pagamentos0_.entry_qr_created_at as entry_qr6_2_,
            pagamentos0_.entry_qr_image_base64 as entry_qr7_2_,
            pagamentos0_.entry_qr_status as entry_qr8_2_,
            pagamentos0_.entry_qr_token as entry_qr9_2_,
            pagamentos0_.estacionamento as estacio10_2_,
            pagamentos0_.exit_qr_consumed_at as exit_qr11_2_,
            pagamentos0_.exit_qr_created_at as exit_qr12_2_,
            pagamentos0_.exit_qr_image_base64 as exit_qr13_2_,
            pagamentos0_.exit_qr_status as exit_qr14_2_,
            pagamentos0_.exit_qr_token as exit_qr15_2_,
            pagamentos0_.forma_pagamento as forma_p16_2_,
            pagamentos0_.horario as horario17_2_,
            pagamentos0_.horario_reserva_entrada as horario18_2_,
            pagamentos0_.horario_reserva_saida as horario19_2_,
            pagamentos0_.latitude as latitud20_2_,
            pagamentos0_.longitude as longitu21_2_,
            pagamentos0_.nome as nome22_2_,
            pagamentos0_.pagbank_charge_id as pagbank23_2_,
            pagamentos0_.pagbank_order_id as pagbank24_2_,
            pagamentos0_.pagbank_qr_base64 as pagbank25_2_,
            pagamentos0_.pagbank_qr_payload as pagbank26_2_,
            pagamentos0_.pagbank_status as pagbank27_2_,
            pagamentos0_.status as status28_2_,
            pagamentos0_.cliente_id as cliente30_2_,
            pagamentos0_.valor_pago as valor_p29_2_ 
        from
            pagamentos pagamentos0_
Hibernate: 
    /* select
        generatedAlias0 
    from
        Pagamentos as generatedAlias0 */ select
            pagamentos0_.id as id1_2_,
            pagamentos0_.data as data2_2_,
            pagamentos0_.data_reserva_entrada as data_res3_2_,
            pagamentos0_.endereco as endereco4_2_,
            pagamentos0_.entry_qr_consumed_at as entry_qr5_2_,
            pagamentos0_.entry_qr_created_at as entry_qr6_2_,
            pagamentos0_.entry_qr_image_base64 as entry_qr7_2_,
            pagamentos0_.entry_qr_status as entry_qr8_2_,
            pagamentos0_.entry_qr_token as entry_qr9_2_,
            pagamentos0_.estacionamento as estacio10_2_,
            pagamentos0_.exit_qr_consumed_at as exit_qr11_2_,
            pagamentos0_.exit_qr_created_at as exit_qr12_2_,
            pagamentos0_.exit_qr_image_base64 as exit_qr13_2_,
            pagamentos0_.exit_qr_status as exit_qr14_2_,
            pagamentos0_.exit_qr_token as exit_qr15_2_,
            pagamentos0_.forma_pagamento as forma_p16_2_,
            pagamentos0_.horario as horario17_2_,
            pagamentos0_.horario_reserva_entrada as horario18_2_,
            pagamentos0_.horario_reserva_saida as horario19_2_,
            pagamentos0_.latitude as latitud20_2_,
            pagamentos0_.longitude as longitu21_2_,
            pagamentos0_.nome as nome22_2_,
            pagamentos0_.pagbank_charge_id as pagbank23_2_,
            pagamentos0_.pagbank_order_id as pagbank24_2_,
            pagamentos0_.pagbank_qr_base64 as pagbank25_2_,
            pagamentos0_.pagbank_qr_payload as pagbank26_2_,
            pagamentos0_.pagbank_status as pagbank27_2_,
            pagamentos0_.status as status28_2_,
            pagamentos0_.cliente_id as cliente30_2_,
            pagamentos0_.valor_pago as valor_p29_2_ 
        from
            pagamentos pagamentos0_
Hibernate: 
    /* select
        generatedAlias0 
    from
        Pagamentos as generatedAlias0 */ select
            pagamentos0_.id as id1_2_,
            pagamentos0_.data as data2_2_,
            pagamentos0_.data_reserva_entrada as data_res3_2_,
            pagamentos0_.endereco as endereco4_2_,
            pagamentos0_.entry_qr_consumed_at as entry_qr5_2_,
            pagamentos0_.entry_qr_created_at as entry_qr6_2_,
            pagamentos0_.entry_qr_image_base64 as entry_qr7_2_,
            pagamentos0_.entry_qr_status as entry_qr8_2_,
            pagamentos0_.entry_qr_token as entry_qr9_2_,
            pagamentos0_.estacionamento as estacio10_2_,
            pagamentos0_.exit_qr_consumed_at as exit_qr11_2_,
            pagamentos0_.exit_qr_created_at as exit_qr12_2_,
            pagamentos0_.exit_qr_image_base64 as exit_qr13_2_,
            pagamentos0_.exit_qr_status as exit_qr14_2_,
            pagamentos0_.exit_qr_token as exit_qr15_2_,
            pagamentos0_.forma_pagamento as forma_p16_2_,
            pagamentos0_.horario as horario17_2_,
            pagamentos0_.horario_reserva_entrada as horario18_2_,
            pagamentos0_.horario_reserva_saida as horario19_2_,
            pagamentos0_.latitude as latitud20_2_,
            pagamentos0_.longitude as longitu21_2_,
            pagamentos0_.nome as nome22_2_,
            pagamentos0_.pagbank_charge_id as pagbank23_2_,
            pagamentos0_.pagbank_order_id as pagbank24_2_,
            pagamentos0_.pagbank_qr_base64 as pagbank25_2_,
            pagamentos0_.pagbank_qr_payload as pagbank26_2_,
            pagamentos0_.pagbank_status as pagbank27_2_,
            pagamentos0_.status as status28_2_,
            pagamentos0_.cliente_id as cliente30_2_,
            pagamentos0_.valor_pago as valor_p29_2_ 
        from
            pagamentos pagamentos0_
Hibernate: 
    /* select
        generatedAlias0 
    from
        Pagamentos as generatedAlias0 */ select
            pagamentos0_.id as id1_2_,
            pagamentos0_.data as data2_2_,
            pagamentos0_.data_reserva_entrada as data_res3_2_,
            pagamentos0_.endereco as endereco4_2_,
            pagamentos0_.entry_qr_consumed_at as entry_qr5_2_,
            pagamentos0_.entry_qr_created_at as entry_qr6_2_,
            pagamentos0_.entry_qr_image_base64 as entry_qr7_2_,
            pagamentos0_.entry_qr_status as entry_qr8_2_,
            pagamentos0_.entry_qr_token as entry_qr9_2_,
            pagamentos0_.estacionamento as estacio10_2_,
            pagamentos0_.exit_qr_consumed_at as exit_qr11_2_,
            pagamentos0_.exit_qr_created_at as exit_qr12_2_,
            pagamentos0_.exit_qr_image_base64 as exit_qr13_2_,
            pagamentos0_.exit_qr_status as exit_qr14_2_,
            pagamentos0_.exit_qr_token as exit_qr15_2_,
            pagamentos0_.forma_pagamento as forma_p16_2_,
            pagamentos0_.horario as horario17_2_,
            pagamentos0_.horario_reserva_entrada as horario18_2_,
            pagamentos0_.horario_reserva_saida as horario19_2_,
            pagamentos0_.latitude as latitud20_2_,
            pagamentos0_.longitude as longitu21_2_,
            pagamentos0_.nome as nome22_2_,
            pagamentos0_.pagbank_charge_id as pagbank23_2_,
            pagamentos0_.pagbank_order_id as pagbank24_2_,
            pagamentos0_.pagbank_qr_base64 as pagbank25_2_,
            pagamentos0_.pagbank_qr_payload as pagbank26_2_,
            pagamentos0_.pagbank_status as pagbank27_2_,
            pagamentos0_.status as status28_2_,
            pagamentos0_.cliente_id as cliente30_2_,
            pagamentos0_.valor_pago as valor_p29_2_ 
        from
            pagamentos pagamentos0_
Hibernate: 
    /* select
        generatedAlias0 
    from
        Pagamentos as generatedAlias0 */ select
            pagamentos0_.id as id1_2_,
            pagamentos0_.data as data2_2_,
            pagamentos0_.data_reserva_entrada as data_res3_2_,
            pagamentos0_.endereco as endereco4_2_,
            pagamentos0_.entry_qr_consumed_at as entry_qr5_2_,
            pagamentos0_.entry_qr_created_at as entry_qr6_2_,
            pagamentos0_.entry_qr_image_base64 as entry_qr7_2_,
            pagamentos0_.entry_qr_status as entry_qr8_2_,
            pagamentos0_.entry_qr_token as entry_qr9_2_,
            pagamentos0_.estacionamento as estacio10_2_,
            pagamentos0_.exit_qr_consumed_at as exit_qr11_2_,
            pagamentos0_.exit_qr_created_at as exit_qr12_2_,
            pagamentos0_.exit_qr_image_base64 as exit_qr13_2_,
            pagamentos0_.exit_qr_status as exit_qr14_2_,
            pagamentos0_.exit_qr_token as exit_qr15_2_,
            pagamentos0_.forma_pagamento as forma_p16_2_,
            pagamentos0_.horario as horario17_2_,
            pagamentos0_.horario_reserva_entrada as horario18_2_,
            pagamentos0_.horario_reserva_saida as horario19_2_,
            pagamentos0_.latitude as latitud20_2_,
            pagamentos0_.longitude as longitu21_2_,
            pagamentos0_.nome as nome22_2_,
            pagamentos0_.pagbank_charge_id as pagbank23_2_,
            pagamentos0_.pagbank_order_id as pagbank24_2_,
            pagamentos0_.pagbank_qr_base64 as pagbank25_2_,
            pagamentos0_.pagbank_qr_payload as pagbank26_2_,
            pagamentos0_.pagbank_status as pagbank27_2_,
            pagamentos0_.status as status28_2_,
            pagamentos0_.cliente_id as cliente30_2_,
            pagamentos0_.valor_pago as valor_p29_2_ 
        from
            pagamentos pagamentos0_
Hibernate: 
    /* select
        generatedAlias0 
    from
        Pagamentos as generatedAlias0 */ select
            pagamentos0_.id as id1_2_,
            pagamentos0_.data as data2_2_,
            pagamentos0_.data_reserva_entrada as data_res3_2_,
            pagamentos0_.endereco as endereco4_2_,
            pagamentos0_.entry_qr_consumed_at as entry_qr5_2_,
            pagamentos0_.entry_qr_created_at as entry_qr6_2_,
            pagamentos0_.entry_qr_image_base64 as entry_qr7_2_,
            pagamentos0_.entry_qr_status as entry_qr8_2_,
            pagamentos0_.entry_qr_token as entry_qr9_2_,
            pagamentos0_.estacionamento as estacio10_2_,
            pagamentos0_.exit_qr_consumed_at as exit_qr11_2_,
            pagamentos0_.exit_qr_created_at as exit_qr12_2_,
            pagamentos0_.exit_qr_image_base64 as exit_qr13_2_,
            pagamentos0_.exit_qr_status as exit_qr14_2_,
            pagamentos0_.exit_qr_token as exit_qr15_2_,
            pagamentos0_.forma_pagamento as forma_p16_2_,
            pagamentos0_.horario as horario17_2_,
            pagamentos0_.horario_reserva_entrada as horario18_2_,
            pagamentos0_.horario_reserva_saida as horario19_2_,
            pagamentos0_.latitude as latitud20_2_,
            pagamentos0_.longitude as longitu21_2_,
            pagamentos0_.nome as nome22_2_,
            pagamentos0_.pagbank_charge_id as pagbank23_2_,
            pagamentos0_.pagbank_order_id as pagbank24_2_,
            pagamentos0_.pagbank_qr_base64 as pagbank25_2_,
            pagamentos0_.pagbank_qr_payload as pagbank26_2_,
            pagamentos0_.pagbank_status as pagbank27_2_,
            pagamentos0_.status as status28_2_,
            pagamentos0_.cliente_id as cliente30_2_,
            pagamentos0_.valor_pago as valor_p29_2_ 
        from
            pagamentos pagamentos0_
